### 0-16 hash compatibility (reset-password.mjs → better-auth verifyPassword)
better-auth 1.6.29 — verifyPassword from better-auth/crypto
  [env] len=15 verify(correct)=true verify(NFC twin)=true verify(wrong)=false
  [stdin] len=15 verify(correct)=true verify(NFC twin)=true verify(wrong)=false
  [env] len=15 verify(correct)=true verify(NFC twin)=true verify(wrong)=false
  better-auth hashPassword format matches /^[0-9a-f]{32}:[0-9a-f]{128}$/: true
  salts differ between runs: true
RESULT: PASS
exit=0
### refusal paths
❌ 비밀번호 길이는 8~128자여야 한다 (받은 길이 0)
exit=1 (empty stdin)
❌ 비밀번호 길이는 8~128자여야 한다 (받은 길이 5)
exit=1 (too short)
❌ 이메일 형식이 아니거나 허용하지 않는 문자가 있다: x'; drop table auth_user;--@e.com
exit=1 (injection email)
❌ 사용법: reset-password.mjs [--sessions-only] <email>  (비밀번호는 env KAIROS_NEW_PASSWORD 또는 stdin)
exit=1 (no email)
### 0-16 SQL rehearsal on a throwaway restored copy of the QA dump (container kairos-reset-sqltest — kairos-qa-db untouched)
-- (fixture) inserted a Google-only user google-only@kairos.test with 1 session
-- before:
   google-only@kairos.test sessions=1
   qa-admin@kairos.test sessions=3
   qa-member@kairos.test sessions=3
   qa-newbie@kairos.test sessions=6
   qa-outsider@kairos.test sessions=4
   qa-owner@kairos.test sessions=3
   qa-viewer@kairos.test sessions=3
-- case 1: reset 'QA-Member@kairos.test' (mixed case) → expect NOTICE updated=1, revoked=3
   NOTICE:  kairos-reset: password updated = 1 row, sessions revoked = 3 for qa-member@kairos.test
   DO
   psql exit=0
   hash changed: yes
   better-auth verifyPassword(stored, new pw)   = true
   better-auth verifyPassword(stored, wrong pw) = false
-- case 2: Google-only account → expect ERROR + exit 3, nothing changed
   ERROR:  kairos-reset: credential account rows = 0 (expected 1) - Google-only account? aborted
   CONTEXT:  PL/pgSQL function inline_code_block line 17 at RAISE
   psql exit=3
   google-only sessions before=1 after=1 (rollback)
-- case 3: unknown email → expect ERROR + exit 3
   ERROR:  kairos-reset: auth_user rows for nobody@kairos.test = 0 (expected 1) - aborted
   CONTEXT:  PL/pgSQL function inline_code_block line 10 at RAISE
   psql exit=3
-- case 4: --sessions-only qa-newbie → expect revoked=6, password untouched
   NOTICE:  kairos-reset: sessions revoked = 6 for qa-newbie@kairos.test
   DO
   psql exit=0
   qa-newbie password untouched: yes
-- after (only qa-member / qa-newbie drop to 0; everyone else unchanged):
   google-only@kairos.test sessions=1
   qa-admin@kairos.test sessions=3
   qa-member@kairos.test sessions=0
   qa-newbie@kairos.test sessions=0
   qa-outsider@kairos.test sessions=4
   qa-owner@kairos.test sessions=3
   qa-viewer@kairos.test sessions=3
removed kairos-reset-sqltest
new dangling volumes: 0
